// Jest Snapshot v1, https://goo.gl/fbAQLP

exports[`Pruebas en <AgregarTarea/> Debe Mostrarse correctamente 1`] = `
<Fragment>
  <h4>
    Agregar Tarea
  </h4>
  <hr />
  <form
    onSubmit={[Function]}
  >
    <input
      autoComplete="off"
      className="form-control"
      name="descripcion"
      onChange={[Function]}
      placeholder="Aprender..."
      type="text"
      value=""
    />
    <button
      className="btn btn-outline-primary mt-1 w-100"
      type="submit"
    >
      Agregar
    </button>
  </form>
</Fragment>
`;
