// Jest Snapshot v1, https://goo.gl/fbAQLP

exports[`Prueba del componente <TareaLista /> Debe Mostrarse correctamente 1`] = `
<ul
  className="list-group list-group-flush"
>
  <TareaListaItem
    handleDelete={[MockFunction]}
    handleToggle={[MockFunction]}
    i={0}
    key="1"
    tarea={
      Object {
        "desc": "Aprender React",
        "done": false,
        "id": 1,
      }
    }
  />
  <TareaListaItem
    handleDelete={[MockFunction]}
    handleToggle={[MockFunction]}
    i={1}
    key="2"
    tarea={
      Object {
        "desc": "Aprender Mongo",
        "done": false,
        "id": 2,
      }
    }
  />
</ul>
`;
