// Jest Snapshot v1, https://goo.gl/fbAQLP

exports[`Pruebas en  <EjemploRealRef/> Debe mostrarse correctamente 1`] = `
<div>
  <h1>
     Ejemplo Real de uso del hook Ref 
  </h1>
  <hr />
  <button
    className="btn btn-primary mt-5"
    onClick={[Function]}
  >
    Show/Hide
  </button>
</div>
`;
